â–¿ Optional<MessageTextLabel>
  - some: <WeatherBrick.MessageTextLabel; baseClass = UILabel; frame = (0 0; 0 0); text = 'Try use the following for...'; userInteractionEnabled = NO; layer = <_UILabelLayer>>
